2026-10-01 09:35:52,109 23732 INFO ? odoo: Odoo version 19.0 
2026-10-01 09:35:52,116 23732 INFO ? odoo: Using configuration file at c:\odoo\odoo\odoo.conf 
2026-10-01 09:35:52,117 23732 INFO ? odoo: addons paths: _NamespacePath(['C:\\Odoo\\odoo\\odoo\\addons', 'C:\\Users\\Rith2\\AppData\\Local\\OpenERP S.A.\\Odoo\\addons\\19.0', 'c:\\odoo\\odoo\\addons', 'c:\\odoo\\odoo\\odoo\\addons', 'c:\\odoo\\odoo\\custom']) 
2026-10-01 09:35:52,117 23732 INFO ? odoo: database: odoo@127.0.0.1:5432 
2026-10-01 09:35:52,403 23732 INFO ? odoo.service.server: HTTP service (werkzeug) running on kubernetes.docker.internal:8070 
2026-10-01 09:35:52,445 23732 INFO odoo odoo.modules.loading: loading 1 modules... 
2026-10-01 09:35:52,448 23732 INFO odoo odoo.modules.loading: 1 modules loaded in 0.00s, 0 queries (+0 extra) 
2026-10-01 09:35:52,481 23732 INFO odoo odoo.modules.loading: loading 131 modules... 
2026-10-01 09:35:53,146 23732 INFO odoo odoo.modules.loading: 131 modules loaded in 0.67s, 0 queries (+0 extra) 
2026-10-01 09:35:53,322 23732 INFO odoo odoo.modules.loading: Modules loaded. 
2026-10-01 09:35:53,332 23732 WARNING odoo odoo.schema: Missing not-null constraint on res.partner.autopost_bills 
2026-10-01 09:35:53,332 23732 WARNING odoo odoo.schema: Missing not-null constraint on res.partner.group_rfq 
2026-10-01 09:35:53,332 23732 WARNING odoo odoo.schema: Missing not-null constraint on res.partner.group_on 
2026-10-01 09:35:53,366 23732 INFO odoo odoo.registry: Registry loaded in 0.955s 
2026-10-01 09:35:53,972 23732 INFO odoo odoo.addons.base.models.ir_http: Generating routing map for key 1 
2026-10-01 09:35:54,003 23732 INFO odoo werkzeug: 127.0.0.1 - - [01/Oct/2026 09:35:54] "GET /websocket?version=19.0-2 HTTP/1.1" 101 - 9 0.008 0.027
2026-10-01 09:35:54,019 23732 INFO odoo werkzeug: 127.0.0.1 - - [01/Oct/2026 09:35:54] "POST /bus/has_missed_notifications HTTP/1.1" 200 - 2 0.001 0.002
2026-10-01 09:35:54,337 23732 INFO ? odoo.addons.bus.models.bus: Bus.loop listen imbus on db postgres 
2026-10-01 09:36:01,247 23732 INFO odoo werkzeug: 127.0.0.1 - - [01/Oct/2026 09:36:01] "GET /odoo/action-176 HTTP/1.1" 303 - 4 0.003 0.030
2026-10-01 09:36:02,043 23732 INFO odoo werkzeug: 127.0.0.1 - - [01/Oct/2026 09:36:02] "GET /web/login?redirect=/odoo/action-176? HTTP/1.1" 200 - 86 0.052 0.734
2026-10-01 09:36:51,462 23732 INFO odoo werkzeug: 127.0.0.1 - - [01/Oct/2026 09:36:51] "GET /odoo/action-172/2/action-174/4 HTTP/1.1" 200 - 87 0.040 1.197
2026-10-01 09:36:51,596 23732 INFO odoo werkzeug: 127.0.0.1 - - [01/Oct/2026 09:36:51] "GET /web/webclient/load_menus HTTP/1.1" 200 - 19 0.015 0.062
2026-10-01 09:36:51,612 23732 INFO odoo werkzeug: 127.0.0.1 - - [01/Oct/2026 09:36:51] "GET /web/manifest.webmanifest HTTP/1.1" 200 - 8 0.004 0.007
2026-10-01 09:36:51,655 23732 INFO odoo werkzeug: 127.0.0.1 - - [01/Oct/2026 09:36:51] "GET /web/webclient/translations?hash=&lang=en_US HTTP/1.1" 200 - 2 0.000 0.026
2026-10-01 09:36:51,676 23732 INFO odoo werkzeug: 127.0.0.1 - - [01/Oct/2026 09:36:51] "GET /web/bundle/web_tour.interactive?lang=en_US HTTP/1.1" 200 - 3 0.002 0.010
2026-10-01 09:36:51,683 23732 INFO odoo werkzeug: 127.0.0.1 - - [01/Oct/2026 09:36:51] "GET /bus/websocket_worker_bundle?v=19.0-2 HTTP/1.1" 304 - 4 0.004 0.011
2026-10-01 09:36:51,823 23732 INFO odoo werkzeug: 127.0.0.1 - - [01/Oct/2026 09:36:51] "GET /web/image?model=res.users&field=avatar_128&id=2 HTTP/1.1" 200 - 15 0.014 0.092
2026-10-01 09:36:51,823 23732 INFO odoo werkzeug: 127.0.0.1 - - [01/Oct/2026 09:36:51] "POST /web/dataset/call_kw/res.users/has_group#res.users.has_group HTTP/1.1" 200 - 1 0.003 0.091
2026-10-01 09:36:51,835 23732 INFO odoo werkzeug: 127.0.0.1 - - [01/Oct/2026 09:36:51] "GET /websocket?version=19.0-2 HTTP/1.1" 101 - 1 0.004 0.092
2026-10-01 09:36:51,839 23732 INFO odoo werkzeug: 127.0.0.1 - - [01/Oct/2026 09:36:51] "POST /web/dataset/call_kw/university.program/get_views#university.program.get_views HTTP/1.1" 200 - 58 0.051 0.063
2026-10-01 09:36:51,845 23732 INFO odoo werkzeug: 127.0.0.1 - - [01/Oct/2026 09:36:51] "POST /mail/data HTTP/1.1" 200 - 49 0.056 0.064
2026-10-01 09:36:51,874 23732 INFO odoo werkzeug: 127.0.0.1 - - [01/Oct/2026 09:36:51] "POST /web/dataset/call_kw/university.program/web_read#university.program.web_read HTTP/1.1" 200 - 20 0.011 0.012
2026-10-01 09:36:52,006 23732 INFO odoo werkzeug: 127.0.0.1 - - [01/Oct/2026 09:36:52] "POST /mail/thread/messages HTTP/1.1" 200 - 25 0.020 0.026
2026-10-01 09:36:52,009 23732 INFO odoo werkzeug: 127.0.0.1 - - [01/Oct/2026 09:36:52] "POST /mail/data HTTP/1.1" 200 - 26 0.034 0.016
2026-10-01 09:36:52,047 23732 INFO odoo werkzeug: 127.0.0.1 - - [01/Oct/2026 09:36:52] "GET /web/bundle/web.assets_emoji?lang=en_US HTTP/1.1" 200 - 2 0.001 0.006
2026-10-01 09:36:53,420 23732 INFO odoo odoo.addons.base.models.ir_cron: Job 'Base: Auto-vacuum internal data' (1) starting 
2026-10-01 09:36:53,852 23732 INFO odoo werkzeug: 127.0.0.1 - - [01/Oct/2026 09:36:53] "GET /web/service-worker.js HTTP/1.1" 200 - 1 0.016 0.178
2026-10-01 09:36:53,887 23732 INFO odoo odoo.addons.base.models.res_device: GC device logs delete 0 entries 
2026-10-01 09:36:53,980 23732 INFO odoo odoo.addons.sms.models.sms_sms: GC'd 0 sms marked for deletion 
2026-10-01 09:36:54,002 23732 INFO odoo odoo.addons.base.models.res_device: GC device logs delete 0 entries 
2026-10-01 09:36:54,021 23732 INFO odoo odoo.addons.api_doc.models.ir_attachment: GC'd 0 /doc cached index 
2026-10-01 09:36:54,112 23732 INFO odoo odoo.addons.base.models.res_users: GC'd 0 user log entries 
2026-10-01 09:36:54,144 23732 INFO odoo odoo.addons.base.models.res_users: GC 'auth_totp.device' delete 0 entries 
2026-10-01 09:36:54,212 23732 INFO odoo odoo.addons.base.models.ir_attachment: filestore gc 0 checked, 0 removed 
2026-10-01 09:36:54,229 23732 INFO odoo odoo.addons.base.models.res_users: GC 'res.users.apikeys' delete 0 entries 
2026-10-01 09:36:54,234 23732 INFO odoo odoo.addons.base.models.ir_cron: Job 'Base: Auto-vacuum internal data' (1) fully done (#loop 1; done 0; remaining 0; duration 0.81s) 
2026-10-01 09:36:55,292 23732 INFO odoo werkzeug: 127.0.0.1 - - [01/Oct/2026 09:36:55] "POST /web/action/load HTTP/1.1" 200 - 10 0.005 0.008
2026-10-01 09:36:55,311 23732 INFO odoo werkzeug: 127.0.0.1 - - [01/Oct/2026 09:36:55] "POST /web/dataset/call_kw/university.program/search_panel_select_range#university.program.search_panel_select_range HTTP/1.1" 200 - 3 0.002 0.004
2026-10-01 09:36:55,314 23732 INFO odoo werkzeug: 127.0.0.1 - - [01/Oct/2026 09:36:55] "POST /web/dataset/call_kw/university.program/search_panel_select_range#university.program.search_panel_select_range HTTP/1.1" 200 - 3 0.003 0.006
2026-10-01 09:36:55,317 23732 INFO odoo werkzeug: 127.0.0.1 - - [01/Oct/2026 09:36:55] "POST /web/dataset/call_kw/university.program/web_search_read#university.program.web_search_read HTTP/1.1" 200 - 4 0.003 0.007
2026-10-01 09:36:55,325 23732 INFO odoo werkzeug: 127.0.0.1 - - [01/Oct/2026 09:36:55] "POST /web/dataset/call_kw/university.program/search_panel_select_multi_range#university.program.search_panel_select_multi_range HTTP/1.1" 200 - 2 0.002 0.003
2026-10-01 09:36:57,063 23732 INFO odoo werkzeug: 127.0.0.1 - - [01/Oct/2026 09:36:57] "POST /web/action/load HTTP/1.1" 200 - 10 0.004 0.006
2026-10-01 09:36:57,113 23732 INFO odoo werkzeug: 127.0.0.1 - - [01/Oct/2026 09:36:57] "POST /web/dataset/call_kw/university.academic.year/get_views#university.academic.year.get_views HTTP/1.1" 200 - 33 0.015 0.025
2026-10-01 09:36:57,133 23732 INFO odoo werkzeug: 127.0.0.1 - - [01/Oct/2026 09:36:57] "POST /web/dataset/call_kw/university.academic.year/search_panel_select_multi_range#university.academic.year.search_panel_select_multi_range HTTP/1.1" 200 - 6 0.007 0.007
2026-10-01 09:36:57,134 23732 INFO odoo werkzeug: 127.0.0.1 - - [01/Oct/2026 09:36:57] "POST /web/dataset/call_kw/university.academic.year/search_panel_select_multi_range#university.academic.year.search_panel_select_multi_range HTTP/1.1" 200 - 6 0.007 0.010
2026-10-01 09:36:57,143 23732 INFO odoo werkzeug: 127.0.0.1 - - [01/Oct/2026 09:36:57] "POST /web/dataset/call_kw/university.academic.year/web_search_read#university.academic.year.web_search_read HTTP/1.1" 200 - 7 0.008 0.015
2026-10-01 09:36:58,313 23732 INFO odoo werkzeug: 127.0.0.1 - - [01/Oct/2026 09:36:58] "POST /web/dataset/call_kw/university.academic.year/web_read#university.academic.year.web_read HTTP/1.1" 200 - 9 0.008 0.006
2026-10-01 09:36:58,930 23732 INFO odoo werkzeug: 127.0.0.1 - - [01/Oct/2026 09:36:58] "POST /web/dataset/call_kw/university.academic.year/web_search_read#university.academic.year.web_search_read HTTP/1.1" 200 - 3 0.001 0.004
2026-10-01 09:37:54,250 23732 INFO odoo odoo.addons.base.models.ir_cron: Job 'University: Auto-Close Expired Exams' (38) starting 
2026-10-01 09:37:54,268 23732 INFO odoo odoo.addons.base.models.ir_cron: Job 'University: Auto-Close Expired Exams' (38) fully done (#loop 1; done 0; remaining 0; duration 0.01s) 
2026-10-01 09:37:54,272 23732 INFO odoo odoo.addons.base.models.ir_cron: Job 'University: Auto-Create Session Quizzes' (39) starting 
2026-10-01 09:37:54,280 23732 INFO odoo odoo.addons.base.models.ir_cron: Job 'University: Auto-Create Session Quizzes' (39) fully done (#loop 1; done 0; remaining 0; duration 0.02s) 
2026-10-01 09:42:54,314 23732 INFO odoo odoo.addons.base.models.ir_cron: Job 'University: Auto-Create Session Quizzes' (39) starting 
2026-10-01 09:42:54,327 23732 INFO odoo odoo.addons.base.models.ir_cron: Job 'University: Auto-Create Session Quizzes' (39) fully done (#loop 1; done 0; remaining 0; duration 0.02s) 
2026-10-01 09:47:54,386 23732 INFO odoo odoo.addons.base.models.ir_cron: Job 'University: Auto-Close Expired Exams' (38) starting 
2026-10-01 09:47:54,401 23732 INFO odoo odoo.addons.base.models.ir_cron: Job 'University: Auto-Close Expired Exams' (38) fully done (#loop 1; done 0; remaining 0; duration 0.01s) 
2026-10-01 09:47:54,405 23732 INFO odoo odoo.addons.base.models.ir_cron: Job 'University: Auto-Create Session Quizzes' (39) starting 
2026-10-01 09:47:54,412 23732 INFO odoo odoo.addons.base.models.ir_cron: Job 'University: Auto-Create Session Quizzes' (39) fully done (#loop 1; done 0; remaining 0; duration 0.00s) 
2026-10-01 09:52:54,468 23732 INFO odoo odoo.registry: Reloading the model registry after database signaling. 
2026-10-01 09:52:54,478 23732 INFO odoo odoo.modules.loading: loading 1 modules... 
2026-10-01 09:52:54,481 23732 INFO odoo odoo.modules.loading: 1 modules loaded in 0.00s, 0 queries (+0 extra) 
2026-10-01 09:52:54,483 23732 INFO odoo odoo.modules.loading: loading 131 modules... 
2026-10-01 09:52:54,522 23732 INFO odoo odoo.modules.loading: 131 modules loaded in 0.04s, 0 queries (+0 extra) 
2026-10-01 09:52:54,784 23732 INFO odoo odoo.modules.loading: Modules loaded. 
2026-10-01 09:52:54,795 23732 WARNING odoo odoo.schema: Missing not-null constraint on res.partner.autopost_bills 
2026-10-01 09:52:54,795 23732 WARNING odoo odoo.schema: Missing not-null constraint on res.partner.group_rfq 
2026-10-01 09:52:54,796 23732 WARNING odoo odoo.schema: Missing not-null constraint on res.partner.group_on 
2026-10-01 09:52:54,808 23732 INFO odoo odoo.registry: Registry loaded in 0.336s 
2026-10-01 09:52:54,809 23732 INFO odoo odoo.addons.base.models.ir_cron: Job 'Base: Auto-vacuum internal data' (1) starting 
2026-10-01 09:52:55,147 23732 INFO odoo odoo.addons.base.models.res_users: GC 'res.users.apikeys' delete 0 entries 
2026-10-01 09:52:55,151 23732 INFO odoo odoo.addons.base.models.res_device: GC device logs delete 0 entries 
2026-10-01 09:52:55,171 23732 INFO odoo odoo.addons.sms.models.sms_sms: GC'd 0 sms marked for deletion 
2026-10-01 09:52:55,206 23732 INFO odoo odoo.addons.base.models.ir_attachment: filestore gc 0 checked, 0 removed 
2026-10-01 09:52:55,208 23732 INFO odoo odoo.addons.base.models.res_device: GC device logs delete 0 entries 
2026-10-01 09:52:55,211 23732 INFO odoo odoo.addons.api_doc.models.ir_attachment: GC'd 0 /doc cached index 
2026-10-01 09:52:55,223 23732 INFO odoo odoo.addons.base.models.res_users: GC'd 0 user log entries 
2026-10-01 09:52:55,354 23732 INFO odoo odoo.addons.base.models.res_users: GC 'auth_totp.device' delete 0 entries 
2026-10-01 09:52:55,368 23732 INFO odoo odoo.addons.base.models.ir_cron: Job 'Base: Auto-vacuum internal data' (1) fully done (#loop 1; done 0; remaining 0; duration 0.55s) 
2026-10-01 09:52:55,370 23732 INFO odoo odoo.addons.base.models.ir_cron: Job 'University: Auto-Create Session Quizzes' (39) starting 
2026-10-01 09:52:55,377 23732 INFO odoo odoo.addons.base.models.ir_cron: Job 'University: Auto-Create Session Quizzes' (39) fully done (#loop 1; done 0; remaining 0; duration 0.02s) 
2026-10-01 09:57:55,435 23732 INFO odoo odoo.registry: Reloading the model registry after database signaling. 
2026-10-01 09:57:55,447 23732 INFO odoo odoo.modules.loading: loading 1 modules... 
2026-10-01 09:57:55,449 23732 INFO odoo odoo.modules.loading: 1 modules loaded in 0.00s, 0 queries (+0 extra) 
2026-10-01 09:57:55,451 23732 INFO odoo odoo.modules.loading: loading 131 modules... 
2026-10-01 09:57:55,485 23732 INFO odoo odoo.modules.loading: 131 modules loaded in 0.03s, 0 queries (+0 extra) 
2026-10-01 09:57:55,657 23732 INFO odoo odoo.modules.loading: Modules loaded. 
2026-10-01 09:57:55,671 23732 WARNING odoo odoo.schema: Missing not-null constraint on res.partner.autopost_bills 
2026-10-01 09:57:55,671 23732 WARNING odoo odoo.schema: Missing not-null constraint on res.partner.group_rfq 
2026-10-01 09:57:55,672 23732 WARNING odoo odoo.schema: Missing not-null constraint on res.partner.group_on 
2026-10-01 09:57:55,674 23732 WARNING odoo odoo.schema: Missing not-null constraint on university.enrollment.program_id 
2026-10-01 09:57:55,674 23732 WARNING odoo odoo.schema: Missing not-null constraint on university.enrollment.academic_year_id 
2026-10-01 09:57:55,674 23732 WARNING odoo odoo.schema: Missing not-null constraint on university.enrollment.semester_id 
2026-10-01 09:57:55,678 23732 INFO odoo odoo.registry: Registry loaded in 0.236s 
2026-10-01 09:57:55,679 23732 INFO odoo odoo.addons.base.models.ir_cron: Job 'Base: Auto-vacuum internal data' (1) starting 
2026-10-01 09:57:55,968 23732 INFO odoo odoo.addons.base.models.res_device: GC device logs delete 0 entries 
2026-10-01 09:57:56,000 23732 INFO odoo odoo.addons.base.models.ir_attachment: filestore gc 0 checked, 0 removed 
2026-10-01 09:57:56,011 23732 INFO odoo odoo.addons.base.models.res_users: GC 'auth_totp.device' delete 0 entries 
2026-10-01 09:57:56,034 23732 INFO odoo odoo.addons.api_doc.models.ir_attachment: GC'd 0 /doc cached index 
2026-10-01 09:57:56,045 23732 INFO odoo odoo.addons.sms.models.sms_sms: GC'd 0 sms marked for deletion 
2026-10-01 09:57:56,089 23732 INFO odoo odoo.addons.base.models.res_users: GC 'res.users.apikeys' delete 0 entries 
2026-10-01 09:57:56,094 23732 INFO odoo odoo.addons.base.models.res_users: GC'd 0 user log entries 
2026-10-01 09:57:56,115 23732 INFO odoo odoo.addons.base.models.res_device: GC device logs delete 0 entries 
2026-10-01 09:57:56,166 23732 INFO odoo odoo.addons.base.models.ir_cron: Job 'Base: Auto-vacuum internal data' (1) fully done (#loop 1; done 0; remaining 0; duration 0.48s) 
2026-10-01 09:57:56,169 23732 INFO odoo odoo.addons.base.models.ir_cron: Job 'University: Auto-Close Expired Exams' (38) starting 
2026-10-01 09:57:56,176 23732 INFO odoo odoo.addons.base.models.ir_cron: Job 'University: Auto-Close Expired Exams' (38) fully done (#loop 1; done 0; remaining 0; duration 0.00s) 
2026-10-01 09:57:56,180 23732 INFO odoo odoo.addons.base.models.ir_cron: Job 'University: Auto-Create Session Quizzes' (39) starting 
2026-10-01 09:57:56,186 23732 INFO odoo odoo.addons.base.models.ir_cron: Job 'University: Auto-Create Session Quizzes' (39) fully done (#loop 1; done 0; remaining 0; duration 0.01s) 
2026-10-01 09:58:56,204 23732 INFO odoo odoo.registry: Reloading the model registry after database signaling. 
2026-10-01 09:58:56,208 23732 INFO odoo odoo.modules.loading: loading 1 modules... 
2026-10-01 09:58:56,210 23732 INFO odoo odoo.modules.loading: 1 modules loaded in 0.00s, 0 queries (+0 extra) 
2026-10-01 09:58:56,211 23732 INFO odoo odoo.modules.loading: loading 131 modules... 
2026-10-01 09:58:56,244 23732 INFO odoo odoo.modules.loading: 131 modules loaded in 0.03s, 0 queries (+0 extra) 
2026-10-01 09:58:56,439 23732 INFO odoo odoo.modules.loading: Modules loaded. 
2026-10-01 09:58:56,447 23732 WARNING odoo odoo.schema: Missing not-null constraint on res.partner.autopost_bills 
2026-10-01 09:58:56,447 23732 WARNING odoo odoo.schema: Missing not-null constraint on res.partner.group_rfq 
2026-10-01 09:58:56,448 23732 WARNING odoo odoo.schema: Missing not-null constraint on res.partner.group_on 
2026-10-01 09:58:56,452 23732 WARNING odoo odoo.schema: Missing not-null constraint on university.enrollment.program_id 
2026-10-01 09:58:56,452 23732 WARNING odoo odoo.schema: Missing not-null constraint on university.enrollment.academic_year_id 
2026-10-01 09:58:56,452 23732 WARNING odoo odoo.schema: Missing not-null constraint on university.enrollment.semester_id 
2026-10-01 09:58:56,457 23732 INFO odoo odoo.registry: Registry loaded in 0.253s 
2026-10-01 09:58:56,457 23732 INFO odoo odoo.addons.base.models.ir_cron: Job 'Base: Auto-vacuum internal data' (1) starting 
2026-10-01 09:58:56,843 23732 INFO odoo odoo.addons.base.models.res_device: GC device logs delete 0 entries 
2026-10-01 09:58:56,887 23732 INFO odoo odoo.addons.base.models.res_device: GC device logs delete 0 entries 
2026-10-01 09:58:56,892 23732 INFO odoo odoo.addons.sms.models.sms_sms: GC'd 0 sms marked for deletion 
2026-10-01 09:58:56,895 23732 INFO odoo odoo.addons.base.models.res_users: GC'd 0 user log entries 
2026-10-01 09:58:56,914 23732 INFO odoo odoo.addons.base.models.res_users: GC 'res.users.apikeys' delete 0 entries 
2026-10-01 09:58:56,943 23732 INFO odoo odoo.addons.base.models.res_users: GC 'auth_totp.device' delete 0 entries 
2026-10-01 09:58:56,950 23732 INFO odoo odoo.addons.api_doc.models.ir_attachment: GC'd 0 /doc cached index 
2026-10-01 09:58:57,036 23732 INFO odoo odoo.addons.base.models.ir_attachment: filestore gc 0 checked, 0 removed 
2026-10-01 09:58:57,047 23732 INFO odoo odoo.addons.base.models.ir_cron: Job 'Base: Auto-vacuum internal data' (1) fully done (#loop 1; done 0; remaining 0; duration 0.59s) 
2026-10-01 09:59:57,071 23732 INFO odoo odoo.registry: Reloading the model registry after database signaling. 
2026-10-01 09:59:57,083 23732 INFO odoo odoo.modules.loading: loading 1 modules... 
2026-10-01 09:59:57,088 23732 INFO odoo odoo.modules.loading: 1 modules loaded in 0.00s, 0 queries (+0 extra) 
2026-10-01 09:59:57,092 23732 INFO odoo odoo.modules.loading: loading 131 modules... 
2026-10-01 09:59:57,151 23732 INFO odoo odoo.modules.loading: 131 modules loaded in 0.06s, 0 queries (+0 extra) 
2026-10-01 09:59:57,407 23732 INFO odoo odoo.modules.loading: Modules loaded. 
2026-10-01 09:59:57,425 23732 WARNING odoo odoo.schema: Missing not-null constraint on res.partner.autopost_bills 
2026-10-01 09:59:57,425 23732 WARNING odoo odoo.schema: Missing not-null constraint on res.partner.group_rfq 
2026-10-01 09:59:57,425 23732 WARNING odoo odoo.schema: Missing not-null constraint on res.partner.group_on 
2026-10-01 09:59:57,428 23732 WARNING odoo odoo.schema: Missing not-null constraint on university.enrollment.program_id 
2026-10-01 09:59:57,429 23732 WARNING odoo odoo.schema: Missing not-null constraint on university.enrollment.academic_year_id 
2026-10-01 09:59:57,429 23732 WARNING odoo odoo.schema: Missing not-null constraint on university.enrollment.semester_id 
2026-10-01 09:59:57,433 23732 INFO odoo odoo.registry: Registry loaded in 0.358s 
2026-10-01 09:59:57,435 23732 INFO odoo odoo.addons.base.models.ir_cron: Job 'Base: Auto-vacuum internal data' (1) starting 
2026-10-01 09:59:57,954 23732 INFO odoo odoo.addons.base.models.res_users: GC 'res.users.apikeys' delete 0 entries 
2026-10-01 09:59:57,965 23732 INFO odoo odoo.addons.base.models.res_device: GC device logs delete 0 entries 
2026-10-01 09:59:57,983 23732 INFO odoo odoo.addons.base.models.res_users: GC'd 0 user log entries 
2026-10-01 09:59:57,987 23732 INFO odoo odoo.addons.base.models.res_users: GC 'auth_totp.device' delete 0 entries 
2026-10-01 09:59:58,051 23732 INFO odoo odoo.addons.api_doc.models.ir_attachment: GC'd 0 /doc cached index 
2026-10-01 09:59:58,071 23732 INFO odoo odoo.addons.sms.models.sms_sms: GC'd 0 sms marked for deletion 
2026-10-01 09:59:58,199 23732 INFO odoo odoo.addons.base.models.ir_attachment: filestore gc 0 checked, 0 removed 
2026-10-01 09:59:58,260 23732 INFO odoo odoo.addons.base.models.res_device: GC device logs delete 0 entries 
2026-10-01 09:59:58,502 23732 INFO odoo odoo.addons.base.models.ir_cron: Job 'Base: Auto-vacuum internal data' (1) fully done (#loop 1; done 0; remaining 0; duration 1.06s) 
2026-10-01 10:00:58,515 23732 INFO odoo odoo.addons.base.models.ir_cron: Job 'Base: Auto-vacuum internal data' (1) starting 
2026-10-01 10:00:59,180 23732 INFO odoo odoo.addons.base.models.res_users: GC'd 0 user log entries 
2026-10-01 10:00:59,205 23732 INFO odoo odoo.addons.base.models.ir_attachment: filestore gc 0 checked, 0 removed 
2026-10-01 10:00:59,222 23732 INFO odoo odoo.addons.api_doc.models.ir_attachment: GC'd 0 /doc cached index 
2026-10-01 10:00:59,585 23732 INFO odoo odoo.addons.sms.models.sms_sms: GC'd 0 sms marked for deletion 
2026-10-01 10:00:59,674 23732 INFO odoo odoo.addons.base.models.res_device: GC device logs delete 0 entries 
2026-10-01 10:01:00,434 23732 INFO odoo odoo.addons.base.models.res_users: GC 'auth_totp.device' delete 0 entries 
2026-10-01 10:01:00,482 23732 INFO odoo odoo.addons.base.models.res_users: GC 'res.users.apikeys' delete 0 entries 
2026-10-01 10:01:00,501 23732 INFO odoo odoo.addons.base.models.res_device: GC device logs delete 0 entries 
2026-10-01 10:01:00,581 23732 INFO odoo odoo.addons.base.models.ir_cron: Job 'Base: Auto-vacuum internal data' (1) fully done (#loop 1; done 0; remaining 0; duration 2.06s) 
