2026-10-07 06:15:27,633 12080 INFO ? odoo: Odoo version 19.0 
2026-10-07 06:15:27,633 12080 INFO ? odoo: Using configuration file at c:\odoo\odoo\odoo.conf 
2026-10-07 06:15:27,633 12080 INFO ? odoo: addons paths: _NamespacePath(['C:\\Odoo\\odoo\\odoo\\addons', 'C:\\Users\\Rith2\\AppData\\Local\\OpenERP S.A.\\Odoo\\addons\\19.0', 'c:\\odoo\\odoo\\addons', 'c:\\odoo\\odoo\\odoo\\addons', 'c:\\odoo\\odoo\\custom']) 
2026-10-07 06:15:27,633 12080 INFO ? odoo: database: odoo@127.0.0.1:5432 
2026-10-07 06:15:28,055 12080 INFO odoo odoo.modules.loading: loading 1 modules... 
2026-10-07 06:15:28,055 12080 INFO odoo odoo.modules.loading: 1 modules loaded in 0.00s, 0 queries (+0 extra) 
2026-10-07 06:15:28,071 12080 INFO odoo odoo.modules.loading: updating modules list 
2026-10-07 06:15:28,071 12080 INFO odoo odoo.addons.base.models.ir_module: ALLOW access to module.update_list on [] to user __system__ #1 via n/a 
2026-10-07 06:15:28,860 12080 WARNING odoo odoo.modules.module: Missing `author` key in manifest for 'school_public_holiday', defaulting to '' 
2026-10-07 06:15:28,875 12080 WARNING odoo odoo.modules.module: Missing `author` key in manifest for 'school_public_holiday', defaulting to '' 
2026-10-07 06:15:28,996 12080 INFO odoo odoo.addons.base.models.ir_module: ALLOW access to module.button_upgrade on ['University Management System'] to user __system__ #1 via n/a 
2026-10-07 06:15:28,996 12080 INFO odoo odoo.addons.base.models.ir_module: ALLOW access to module.update_list on ['University Management System'] to user __system__ #1 via n/a 
2026-10-07 06:15:29,531 12080 WARNING odoo odoo.modules.module: Missing `author` key in manifest for 'school_public_holiday', defaulting to '' 
2026-10-07 06:15:29,619 12080 INFO odoo odoo.addons.base.models.ir_module: ALLOW access to module.button_install on [] to user __system__ #1 via n/a 
2026-10-07 06:15:29,649 12080 INFO odoo odoo.modules.loading: loading 131 modules... 
2026-10-07 06:15:30,005 12080 INFO odoo odoo.modules.loading: Loading module school_management (58/131) 
2026-10-07 06:15:30,066 12080 INFO odoo odoo.modules.migration: module school_management: Running upgrade [>19.0.2.0.0] pre-migrate 
2026-10-07 06:15:30,117 12080 INFO odoo odoo.registry: module school_management: creating or updating database tables 
2026-10-07 06:15:30,228 12080 INFO odoo odoo.models: Prepare computation of university.attendance.department_id 
2026-10-07 06:15:30,228 12080 INFO odoo odoo.models: Prepare computation of university.attendance.faculty_id 
2026-10-07 06:15:30,228 12080 INFO odoo odoo.models: Prepare computation of university.attendance.month 
2026-10-07 06:15:30,228 12080 INFO odoo odoo.models: Prepare computation of university.attendance.year 
2026-10-07 06:15:30,543 12080 INFO odoo odoo.modules.loading: loading school_management/security/security.xml 
2026-10-07 06:15:30,861 12080 INFO odoo odoo.modules.loading: loading school_management/security/ir.model.access.csv 
2026-10-07 06:15:31,131 12080 INFO odoo odoo.modules.loading: loading school_management/security/record_rules.xml 
2026-10-07 06:15:31,798 12080 INFO odoo odoo.modules.loading: loading school_management/data/cleanup_legacy_models.xml 
2026-10-07 06:15:31,798 12080 INFO odoo odoo.modules.loading: loading school_management/data/dashboard_data.xml 
2026-10-07 06:15:31,798 12080 INFO odoo odoo.modules.loading: loading school_management/data/fee_sequence.xml 
2026-10-07 06:15:31,814 12080 INFO odoo odoo.modules.loading: loading school_management/data/student_sequence.xml 
2026-10-07 06:15:31,814 12080 INFO odoo odoo.modules.loading: loading school_management/data/teacher_sequence.xml 
2026-10-07 06:15:31,814 12080 INFO odoo odoo.modules.loading: loading school_management/data/academic_defaults.xml 
2026-10-07 06:15:31,814 12080 INFO odoo odoo.modules.loading: loading school_management/data/admission_stage_data.xml 
2026-10-07 06:15:31,831 12080 INFO odoo odoo.modules.loading: loading school_management/data/mail_template.xml 
2026-10-07 06:15:31,878 12080 INFO odoo odoo.modules.loading: loading school_management/data/university_capability_data.xml 
2026-10-07 06:15:31,908 12080 INFO odoo odoo.modules.loading: loading school_management/data/fix_user_teacher_links.xml 
2026-10-07 06:15:31,911 12080 INFO odoo odoo.modules.loading: loading school_management/data/demo_attendance_links.xml 
2026-10-07 06:15:31,911 12080 INFO odoo odoo.modules.loading: loading school_management/data/exam_cron_data.xml 
2026-10-07 06:15:31,914 12080 INFO odoo odoo.modules.loading: loading school_management/data/ir_cron.xml 
2026-10-07 06:15:31,914 12080 INFO odoo odoo.modules.loading: loading school_management/views/portal_templates.xml 
2026-10-07 06:15:31,921 12080 INFO odoo odoo.modules.loading: loading school_management/wizard/student_enrollment_wizard_views.xml 
2026-10-07 06:15:31,967 12080 INFO odoo odoo.modules.loading: loading school_management/wizard/bulk_enrollment_wizard_views.xml 
2026-10-07 06:15:31,998 12080 INFO odoo odoo.modules.loading: loading school_management/wizard/populate_class_wizard_views.xml 
2026-10-07 06:15:32,030 12080 INFO odoo odoo.modules.loading: loading school_management/wizard/teacher_account_wizard_views.xml 
2026-10-07 06:15:32,030 12080 INFO odoo odoo.modules.loading: loading school_management/wizard/year_rollover_wizard_views.xml 
2026-10-07 06:15:32,030 12080 INFO odoo odoo.modules.loading: loading school_management/wizard/attendance_take_wizard_views.xml 
2026-10-07 06:15:32,086 12080 INFO odoo odoo.modules.loading: loading school_management/wizard/attendance_print_wizard_views.xml 
2026-10-07 06:15:32,110 12080 INFO odoo odoo.modules.loading: loading school_management/views/faculty_views.xml 
2026-10-07 06:15:32,205 12080 INFO odoo odoo.modules.loading: loading school_management/views/department_views.xml 
2026-10-07 06:15:32,269 12080 INFO odoo odoo.modules.loading: loading school_management/views/program_views.xml 
2026-10-07 06:15:32,317 12080 INFO odoo odoo.modules.loading: loading school_management/views/academic_year_views.xml 
2026-10-07 06:15:32,397 12080 INFO odoo odoo.modules.loading: loading school_management/views/department_term_views.xml 
2026-10-07 06:15:32,429 12080 INFO odoo odoo.modules.loading: loading school_management/views/holiday_views.xml 
2026-10-07 06:15:32,445 12080 INFO odoo odoo.modules.loading: loading school_management/views/semester_subject_views.xml 
2026-10-07 06:15:32,483 12080 INFO odoo odoo.modules.loading: loading school_management/views/classroom_views.xml 
2026-10-07 06:15:32,508 12080 INFO odoo odoo.modules.loading: loading school_management/views/admission_views.xml 
2026-10-07 06:15:32,545 12080 INFO odoo odoo.modules.loading: loading school_management/views/admission_lead_views.xml 
2026-10-07 06:15:32,586 12080 INFO odoo odoo.modules.loading: loading school_management/views/subject_views.xml 
2026-10-07 06:15:32,629 12080 INFO odoo odoo.modules.loading: loading school_management/views/class_section_views.xml 
2026-10-07 06:15:32,690 12080 INFO odoo odoo.modules.loading: loading school_management/views/academic_assignment_views.xml 
2026-10-07 06:15:32,729 12080 INFO odoo odoo.modules.loading: loading school_management/views/teacher_views.xml 
2026-10-07 06:15:32,824 12080 INFO odoo odoo.modules.loading: loading school_management/views/student_views.xml 
2026-10-07 06:15:32,903 12080 INFO odoo odoo.modules.loading: loading school_management/views/advising_views.xml 
2026-10-07 06:15:32,920 12080 INFO odoo odoo.modules.loading: loading school_management/views/res_config_settings_views.xml 
2026-10-07 06:15:33,011 12080 INFO odoo odoo.modules.loading: loading school_management/views/capability_views.xml 
2026-10-07 06:15:33,016 12080 INFO odoo odoo.modules.loading: loading school_management/views/grading_views.xml 
2026-10-07 06:15:33,127 12080 INFO odoo odoo.modules.loading: loading school_management/views/transcript_request_views.xml 
2026-10-07 06:15:33,188 12080 INFO odoo odoo.modules.loading: loading school_management/reports/payment_report_template.xml 
2026-10-07 06:15:33,197 12080 INFO odoo odoo.modules.loading: loading school_management/reports/payment_report.xml 
2026-10-07 06:15:33,197 12080 INFO odoo odoo.modules.loading: loading school_management/reports/curriculum_report_template.xml 
2026-10-07 06:15:33,207 12080 INFO odoo odoo.modules.loading: loading school_management/reports/curriculum_report.xml 
2026-10-07 06:15:33,207 12080 INFO odoo odoo.modules.loading: loading school_management/reports/attendance_reports.xml 
2026-10-07 06:15:33,230 12080 INFO odoo odoo.modules.loading: loading school_management/views/enrollment_views.xml 
2026-10-07 06:15:33,271 12080 INFO odoo odoo.modules.loading: loading school_management/views/fee_views.xml 
2026-10-07 06:15:33,319 12080 INFO odoo odoo.modules.loading: loading school_management/views/payment_views.xml 
2026-10-07 06:15:33,335 12080 INFO odoo odoo.modules.loading: loading school_management/views/document_signature_views.xml 
2026-10-07 06:15:33,379 12080 INFO odoo odoo.modules.loading: loading school_management/views/notice_board_views.xml 
2026-10-07 06:15:33,415 12080 INFO odoo odoo.modules.loading: loading school_management/views/dashboard_views.xml 
2026-10-07 06:15:33,447 12080 INFO odoo odoo.modules.loading: loading school_management/views/school_dashboard_shell_actions.xml 
2026-10-07 06:15:33,447 12080 INFO odoo odoo.modules.loading: loading school_management/views/teacher_dashboard_shell_actions.xml 
2026-10-07 06:15:33,456 12080 INFO odoo odoo.modules.loading: loading school_management/views/lesson_plan_views.xml 
2026-10-07 06:15:33,491 12080 INFO odoo odoo.modules.loading: loading school_management/views/assignment_views.xml 
2026-10-07 06:15:33,600 12080 INFO odoo odoo.modules.loading: loading school_management/views/timetable_views.xml 
2026-10-07 06:15:33,734 12080 INFO odoo odoo.modules.loading: loading school_management/views/attendance_sheet_views.xml 
2026-10-07 06:15:33,746 12080 INFO odoo odoo.modules.loading: loading school_management/views/attendance_views.xml 
2026-10-07 06:15:33,771 12080 INFO odoo odoo.modules.loading: loading school_management/views/attendance_dashboard_views.xml 
2026-10-07 06:15:33,798 12080 INFO odoo odoo.modules.loading: loading school_management/views/staff_attendance_views.xml 
2026-10-07 06:15:33,835 12080 INFO odoo odoo.modules.loading: loading school_management/views/service_hour_views.xml 
2026-10-07 06:15:33,854 12080 INFO odoo odoo.modules.loading: loading school_management/views/exam_views.xml 
2026-10-07 06:15:33,934 12080 INFO odoo odoo.modules.loading: loading school_management/reports/academic_report_templates.xml 
2026-10-07 06:15:33,982 12080 INFO odoo odoo.modules.loading: loading school_management/reports/academic_reports.xml 
2026-10-07 06:15:33,990 12080 INFO odoo odoo.modules.loading: loading school_management/views/menu_views.xml 
2026-10-07 06:15:34,469 12080 INFO odoo odoo.modules.loading: Module school_management: loading demo 
2026-10-07 06:15:34,469 12080 INFO odoo odoo.modules.loading: loading school_management/demo/attendance_demo.xml 
2026-10-07 06:15:34,575 12080 INFO odoo odoo.modules.loading: Module school_management loaded in 4.57s, 4951 queries (+4951 other) 
2026-10-07 06:15:35,271 12080 INFO odoo odoo.modules.loading: 131 modules loaded in 5.62s, 4951 queries (+4951 extra) 
2026-10-07 06:15:36,245 12080 INFO odoo odoo.addons.base.models.ir_model: Deleting 3392@ir.model.fields.selection (school_management.selection__university_attendance__status__permission) 
2026-10-07 06:15:36,294 12080 INFO odoo odoo.models.unlink: User #1 deleted ir.model.data records with IDs: [618211] 
2026-10-07 06:15:36,294 12080 INFO odoo odoo.models.unlink: User #1 deleted ir.model.fields.selection records with IDs: [3392] 
2026-10-07 06:15:36,309 12080 INFO odoo odoo.registry: verifying fields for every extended model 
2026-10-07 06:15:38,077 12080 INFO odoo odoo.modules.loading: Modules loaded. 
2026-10-07 06:15:38,084 12080 WARNING odoo odoo.schema: Missing not-null constraint on res.partner.autopost_bills 
2026-10-07 06:15:38,084 12080 WARNING odoo odoo.schema: Missing not-null constraint on res.partner.group_rfq 
2026-10-07 06:15:38,084 12080 WARNING odoo odoo.schema: Missing not-null constraint on res.partner.group_on 
2026-10-07 06:15:38,116 12080 INFO odoo odoo.registry: Registry changed, signaling through the database 
2026-10-07 06:15:38,118 12080 INFO odoo odoo.registry: Registry loaded in 10.203s 
2026-10-07 06:15:38,118 12080 INFO odoo odoo.service.server: Initiating shutdown 
2026-10-07 06:15:38,118 12080 INFO odoo odoo.service.server: Hit CTRL-C again or send a second signal to force the shutdown. 
2026-10-07 06:15:38,118 12080 INFO odoo odoo.sql_db: ConnectionPool(read/write;used=0/count=0/max=32): Closed 1 connections  
2026-10-07 06:22:11,148 8920 INFO ? odoo: Odoo version 19.0 
2026-10-07 06:22:11,148 8920 INFO ? odoo: Using configuration file at c:\odoo\odoo\odoo.conf 
2026-10-07 06:22:11,148 8920 INFO ? odoo: addons paths: _NamespacePath(['C:\\Odoo\\odoo\\odoo\\addons', 'C:\\Users\\Rith2\\AppData\\Local\\OpenERP S.A.\\Odoo\\addons\\19.0', 'c:\\odoo\\odoo\\addons', 'c:\\odoo\\odoo\\odoo\\addons', 'c:\\odoo\\odoo\\custom']) 
2026-10-07 06:22:11,148 8920 INFO ? odoo: database: odoo@127.0.0.1:5432 
2026-10-07 06:22:11,721 8920 INFO odoo odoo.modules.loading: loading 1 modules... 
2026-10-07 06:22:11,723 8920 INFO odoo odoo.modules.loading: 1 modules loaded in 0.00s, 0 queries (+0 extra) 
2026-10-07 06:22:11,740 8920 INFO odoo odoo.modules.loading: updating modules list 
2026-10-07 06:22:11,744 8920 INFO odoo odoo.addons.base.models.ir_module: ALLOW access to module.update_list on [] to user __system__ #1 via n/a 
2026-10-07 06:22:12,606 8920 WARNING odoo odoo.modules.module: Missing `author` key in manifest for 'school_public_holiday', defaulting to '' 
2026-10-07 06:22:12,606 8920 WARNING odoo odoo.modules.module: Missing `author` key in manifest for 'school_public_holiday', defaulting to '' 
2026-10-07 06:22:12,744 8920 INFO odoo odoo.addons.base.models.ir_module: ALLOW access to module.button_upgrade on ['University Management System'] to user __system__ #1 via n/a 
2026-10-07 06:22:12,744 8920 INFO odoo odoo.addons.base.models.ir_module: ALLOW access to module.update_list on ['University Management System'] to user __system__ #1 via n/a 
2026-10-07 06:22:13,318 8920 WARNING odoo odoo.modules.module: Missing `author` key in manifest for 'school_public_holiday', defaulting to '' 
2026-10-07 06:22:13,422 8920 INFO odoo odoo.addons.base.models.ir_module: ALLOW access to module.button_install on [] to user __system__ #1 via n/a 
2026-10-07 06:22:13,465 8920 INFO odoo odoo.modules.loading: loading 131 modules... 
2026-10-07 06:22:14,072 8920 INFO odoo odoo.modules.loading: Loading module school_management (58/131) 
2026-10-07 06:22:14,148 8920 INFO odoo odoo.modules.migration: module school_management: Running upgrade [>19.0.2.1.0] pre-migrate 
2026-10-07 06:22:14,150 8920 WARNING odoo odoo.modules.loading: Transient module states were reset 
2026-10-07 06:22:14,150 8920 ERROR odoo odoo.registry: Failed to load registry 
2026-10-07 06:22:14,150 8920 CRITICAL odoo odoo.service.server: Failed to initialize database `odoo`. 
Traceback (most recent call last):
  File "C:\Odoo\odoo\odoo\service\server.py", line 1587, in preload_registries
    registry = Registry.new(dbname, update_module=update_module, install_modules=config['init'], upgrade_modules=config['update'], reinit_modules=config['reinit'])
               ^^^^^^^^^^^^^^^^^^^^^^^^^^^^^^^^^^^^^^^^^^^^^^^^^^^^^^^^^^^^^^^^^^^^^^^^^^^^^^^^^^^^^^^^^^^^^^^^^^^^^^^^^^^^^^^^^^^^^^^^^^^^^^^^^^^^^^^^^^^^^^^^^^^^
  File "C:\Odoo\odoo\odoo\tools\func.py", line 88, in locked
    return func(inst, *args, **kwargs)
           ^^^^^^^^^^^^^^^^^^^^^^^^^^^
  File "C:\Odoo\odoo\odoo\orm\registry.py", line 189, in new
    load_modules(
  File "C:\Odoo\odoo\odoo\modules\loading.py", line 464, in load_modules
    load_module_graph(
  File "C:\Odoo\odoo\odoo\modules\loading.py", line 174, in load_module_graph
    migrations.migrate_module(package, 'pre')
  File "C:\Odoo\odoo\odoo\modules\migration.py", line 215, in migrate_module
    exec_script(self.cr, installed_version, pyfile, pkg.name, stage, version)
  File "C:\Odoo\odoo\odoo\modules\migration.py", line 253, in exec_script
    mod.migrate(cr, installed_version)
  File "c:\odoo\odoo\custom\school_management\migrations\19.0.2.1.0\pre-migrate.py", line 16, in migrate
    env["res.users"]._fix_demo_attendance_links()
    ^^^^^^^^^^^^^^^^^^^^^^^^^^^^^^^^^^^^^^^^^^^
AttributeError: 'res.users' object has no attribute '_fix_demo_attendance_links'
2026-10-07 06:22:14,152 8920 INFO odoo odoo.service.server: Initiating shutdown 
2026-10-07 06:22:14,152 8920 INFO odoo odoo.service.server: Hit CTRL-C again or send a second signal to force the shutdown. 
2026-10-07 06:22:14,152 8920 INFO odoo odoo.sql_db: ConnectionPool(read/write;used=0/count=0/max=32): Closed 1 connections  
2026-10-07 06:23:44,977 6068 INFO ? odoo: Odoo version 19.0 
2026-10-07 06:23:44,977 6068 INFO ? odoo: Using configuration file at c:\odoo\odoo\odoo.conf 
2026-10-07 06:23:44,977 6068 INFO ? odoo: addons paths: _NamespacePath(['C:\\Odoo\\odoo\\odoo\\addons', 'C:\\Users\\Rith2\\AppData\\Local\\OpenERP S.A.\\Odoo\\addons\\19.0', 'c:\\odoo\\odoo\\addons', 'c:\\odoo\\odoo\\odoo\\addons', 'c:\\odoo\\odoo\\custom']) 
2026-10-07 06:23:44,977 6068 INFO ? odoo: database: odoo@127.0.0.1:5432 
2026-10-07 06:23:45,433 6068 INFO odoo odoo.modules.loading: loading 1 modules... 
2026-10-07 06:23:45,436 6068 INFO odoo odoo.modules.loading: 1 modules loaded in 0.00s, 0 queries (+0 extra) 
2026-10-07 06:23:45,451 6068 INFO odoo odoo.modules.loading: updating modules list 
2026-10-07 06:23:45,454 6068 INFO odoo odoo.addons.base.models.ir_module: ALLOW access to module.update_list on [] to user __system__ #1 via n/a 
2026-10-07 06:23:46,189 6068 WARNING odoo odoo.modules.module: Missing `author` key in manifest for 'school_public_holiday', defaulting to '' 
2026-10-07 06:23:46,190 6068 WARNING odoo odoo.modules.module: Missing `author` key in manifest for 'school_public_holiday', defaulting to '' 
2026-10-07 06:23:46,315 6068 INFO odoo odoo.addons.base.models.ir_module: ALLOW access to module.button_upgrade on ['University Management System'] to user __system__ #1 via n/a 
2026-10-07 06:23:46,315 6068 INFO odoo odoo.addons.base.models.ir_module: ALLOW access to module.update_list on ['University Management System'] to user __system__ #1 via n/a 
2026-10-07 06:23:46,925 6068 WARNING odoo odoo.modules.module: Missing `author` key in manifest for 'school_public_holiday', defaulting to '' 
2026-10-07 06:23:47,023 6068 INFO odoo odoo.addons.base.models.ir_module: ALLOW access to module.button_install on [] to user __system__ #1 via n/a 
2026-10-07 06:23:47,055 6068 INFO odoo odoo.modules.loading: loading 131 modules... 
2026-10-07 06:23:47,429 6068 INFO odoo odoo.modules.loading: Loading module school_management (58/131) 
2026-10-07 06:23:47,558 6068 INFO odoo odoo.registry: module school_management: creating or updating database tables 
2026-10-07 06:23:47,892 6068 INFO odoo odoo.modules.loading: loading school_management/security/security.xml 
2026-10-07 06:23:48,091 6068 INFO odoo odoo.modules.loading: loading school_management/security/ir.model.access.csv 
2026-10-07 06:23:48,223 6068 INFO odoo odoo.modules.loading: loading school_management/security/record_rules.xml 
2026-10-07 06:23:48,329 6068 WARNING odoo odoo.modules.loading: Transient module states were reset 
2026-10-07 06:23:48,329 6068 ERROR odoo odoo.registry: Failed to load registry 
2026-10-07 06:23:48,329 6068 CRITICAL odoo odoo.service.server: Failed to initialize database `odoo`. 
Traceback (most recent call last):
  File "C:\Odoo\odoo\odoo\service\server.py", line 1587, in preload_registries
    registry = Registry.new(dbname, update_module=update_module, install_modules=config['init'], upgrade_modules=config['update'], reinit_modules=config['reinit'])
               ^^^^^^^^^^^^^^^^^^^^^^^^^^^^^^^^^^^^^^^^^^^^^^^^^^^^^^^^^^^^^^^^^^^^^^^^^^^^^^^^^^^^^^^^^^^^^^^^^^^^^^^^^^^^^^^^^^^^^^^^^^^^^^^^^^^^^^^^^^^^^^^^^^^^
  File "C:\Odoo\odoo\odoo\tools\func.py", line 88, in locked
    return func(inst, *args, **kwargs)
           ^^^^^^^^^^^^^^^^^^^^^^^^^^^
  File "C:\Odoo\odoo\odoo\orm\registry.py", line 189, in new
    load_modules(
  File "C:\Odoo\odoo\odoo\modules\loading.py", line 464, in load_modules
    load_module_graph(
  File "C:\Odoo\odoo\odoo\modules\loading.py", line 224, in load_module_graph
    load_data(env, idref, mode, kind='data', package=package)
  File "C:\Odoo\odoo\odoo\modules\loading.py", line 59, in load_data
    convert_file(env, package.name, filename, idref, mode, noupdate=kind == 'demo')
  File "C:\Odoo\odoo\odoo\tools\convert.py", line 696, in convert_file
    convert_xml_import(env, module, fp, idref, mode, noupdate)
  File "C:\Odoo\odoo\odoo\tools\convert.py", line 795, in convert_xml_import
    obj.parse(doc.getroot())
  File "C:\Odoo\odoo\odoo\tools\convert.py", line 666, in parse
    self._tag_root(de)
  File "C:\Odoo\odoo\odoo\tools\convert.py", line 619, in _tag_root
    raise ParseError(msg) from None  # Restart with "--log-handler odoo.tools.convert:DEBUG" for complete traceback
    ^^^^^^^^^^^^^^^^^^^^^^^^^^^^^^^
odoo.tools.convert.ParseError: while parsing file:/c:/odoo/odoo/custom/school_management/security/record_rules.xml:331
Invalid domain: Invalid field university.assignment.generation_state in condition ('generation_state', '=', 'published')

View error context:
'-no context-'

2026-10-07 06:23:48,331 6068 INFO odoo odoo.service.server: Initiating shutdown 
2026-10-07 06:23:48,331 6068 INFO odoo odoo.service.server: Hit CTRL-C again or send a second signal to force the shutdown. 
2026-10-07 06:23:48,331 6068 INFO odoo odoo.sql_db: ConnectionPool(read/write;used=0/count=0/max=32): Closed 1 connections  
